// Jest Snapshot v1, https://goo.gl/fbAQLP

exports[`commentlist component render snapshot test 1`] = `
<View>
  <View
    style={
      Object {
        "borderColor": "red",
        "borderWidth": 2,
        "margin": 10,
        "marginTop": 0,
        "padding": 10,
      }
    }
  >
    <View>
      <Text />
      <View
        accessible={true}
        focusable={true}
        onClick={[Function]}
        onResponderGrant={[Function]}
        onResponderMove={[Function]}
        onResponderRelease={[Function]}
        onResponderTerminate={[Function]}
        onResponderTerminationRequest={[Function]}
        onStartShouldSetResponder={[Function]}
      >
        <Text
          style={
            Object {
              "alignSelf": "flex-end",
              "fontWeight": "bold",
              "margin": 10,
            }
          }
        >
          Load replies...
        </Text>
      </View>
    </View>
  </View>
</View>
`;
